---
source: crates/vicuna-compiler/src/parser.rs
expression: "expr().parse(\"_fooBar\")"
---
Ok:
  - Variable: _fooBar
  - start: 0
    end: 7

