---
source: crates/vicuna-compiler/src/type_checker.rs
expression: checker.errors
---
[
    TypeMismatch {
        expected_ty: "i32",
        received_ty: "bool",
        span: 6..9,
    },
]
