---
source: crates/vicuna-compiler/src/parser.rs
expression: "type_declaration().parse(\"enum Foo { A, B, C }\")"
---
Ok:
  Enum:
    name:
      - Foo
      - start: 4
        end: 9
    variants:
      - - - A
          - start: 11
            end: 12
        - []
      - - - B
          - start: 14
            end: 15
        - []
      - - - C
          - start: 17
            end: 19
        - []

