---
source: crates/vicuna-compiler/src/type_checker.rs
expression: checker.errors
---
[]

