---
source: crates/vicuna-compiler/src/type_checker.rs
expression: checker.check(&program)
---
- UndefinedVariable:
    - f
    - start: 8
      end: 9

