---
source: crates/vicuna-compiler/src/parser.rs
expression: "expr().parse(\"foo_bar\")"
---
Ok:
  - Variable: foo_bar
  - start: 0
    end: 7

