---
source: crates/vicuna-compiler/src/parser.rs
expression: "expr().parse(\"_\")"
---
Ok:
  - Variable: _
  - start: 0
    end: 1

